[    0.000000] Linux version 4.15.0-45-generic (buildd@lgw01-amd64-031) (gcc version 7.3.0 (Ubuntu 7.3.0-16ubuntu3)) #48-Ubuntu SMP Tue Jan 29 16:28:13 UTC 2019 (Ubuntu 4.15.0-45.48-generic 4.15.18)
[    0.000000] Command line: BOOT_IMAGE=/boot/vmlinuz-4.15.0-45-generic root=LABEL=cloudimg-rootfs ro console=tty1 console=ttyS0
[    0.000000] KERNEL supported cpus:
[    0.000000]   Intel GenuineIntel
[    0.000000]   AMD AuthenticAMD
[    0.000000]   Centaur CentaurHauls
[    0.000000] x86/fpu: Supporting XSAVE feature 0x001: 'x87 floating point registers'
[    0.000000] x86/fpu: Supporting XSAVE feature 0x002: 'SSE registers'
[    0.000000] x86/fpu: Supporting XSAVE feature 0x004: 'AVX registers'
[    0.000000] x86/fpu: xstate_offset[2]:  576, xstate_sizes[2]:  256
[    0.000000] x86/fpu: Enabled xstate features 0x7, context size is 832 bytes, using 'standard' format.
[    0.000000] e820: BIOS-provided physical RAM map:
[    0.000000] BIOS-e820: [mem 0x0000000000000000-0x000000000009fbff] usable
[    0.000000] BIOS-e820: [mem 0x000000000009fc00-0x000000000009ffff] reserved
[    0.000000] BIOS-e820: [mem 0x00000000000f0000-0x00000000000fffff] reserved
[    0.000000] BIOS-e820: [mem 0x0000000000100000-0x000000007ffeffff] usable
[    0.000000] BIOS-e820: [mem 0x000000007fff0000-0x000000007fffffff] ACPI data
[    0.000000] BIOS-e820: [mem 0x00000000fec00000-0x00000000fec00fff] reserved
[    0.000000] BIOS-e820: [mem 0x00000000fee00000-0x00000000fee00fff] reserved
[    0.000000] BIOS-e820: [mem 0x00000000fffc0000-0x00000000ffffffff] reserved
[    0.000000] NX (Execute Disable) protection: active
[    0.000000] SMBIOS 2.5 present.
[    0.000000] DMI: innotek GmbH VirtualBox/VirtualBox, BIOS VirtualBox 12/01/2006
[    0.000000] Hypervisor detected: KVM
[    0.000000] e820: last_pfn = 0x7fff0 max_arch_pfn = 0x400000000
[    0.000000] MTRR: Disabled
[    0.000000] x86/PAT: MTRRs disabled, skipping PAT initialization too.
[    0.000000] CPU MTRRs all blank - virtualized system.
[    0.000000] x86/PAT: Configuration [0-7]: WB  WT  UC- UC  WB  WT  UC- UC  
[    0.000000] found SMP MP-table at [mem 0x0009fff0-0x0009ffff] mapped at [        (ptrval)]
[    0.000000] Scanning 1 areas for low memory corruption
[    0.000000] RAMDISK: [mem 0x35adf000-0x36d66fff]
[    0.000000] ACPI: Early table checksum verification disabled
[    0.000000] ACPI: RSDP 0x00000000000E0000 000024 (v02 VBOX  )
[    0.000000] ACPI: XSDT 0x000000007FFF0030 00003C (v01 VBOX   VBOXXSDT 00000001 ASL  00000061)
[    0.000000] ACPI: FACP 0x000000007FFF00F0 0000F4 (v04 VBOX   VBOXFACP 00000001 ASL  00000061)
[    0.000000] ACPI: DSDT 0x000000007FFF0470 0022EA (v02 VBOX   VBOXBIOS 00000002 INTL 20100528)
[    0.000000] ACPI: FACS 0x000000007FFF0200 000040
[    0.000000] ACPI: FACS 0x000000007FFF0200 000040
[    0.000000] ACPI: APIC 0x000000007FFF0240 00005C (v02 VBOX   VBOXAPIC 00000001 ASL  00000061)
[    0.000000] ACPI: SSDT 0x000000007FFF02A0 0001CC (v01 VBOX   VBOXCPUT 00000002 INTL 20100528)
[    0.000000] No NUMA configuration found
[    0.000000] Faking a node at [mem 0x0000000000000000-0x000000007ffeffff]
[    0.000000] NODE_DATA(0) allocated [mem 0x7ffc5000-0x7ffeffff]
[    0.000000] kvm-clock: cpu 0, msr 0:7ff44001, primary cpu clock
[    0.000000] kvm-clock: Using msrs 4b564d01 and 4b564d00
[    0.000000] kvm-clock: using sched offset of 3699743532 cycles
[    0.000000] clocksource: kvm-clock: mask: 0xffffffffffffffff max_cycles: 0x1cd42e4dffb, max_idle_ns: 881590591483 ns
[    0.000000] Zone ranges:
[    0.000000]   DMA      [mem 0x0000000000001000-0x0000000000ffffff]
[    0.000000]   DMA32    [mem 0x0000000001000000-0x000000007ffeffff]
[    0.000000]   Normal   empty
[    0.000000]   Device   empty
[    0.000000] Movable zone start for each node
[    0.000000] Early memory node ranges
[    0.000000]   node   0: [mem 0x0000000000001000-0x000000000009efff]
[    0.000000]   node   0: [mem 0x0000000000100000-0x000000007ffeffff]
[    0.000000] Reserved but unavailable: 114 pages
[    0.000000] Initmem setup node 0 [mem 0x0000000000001000-0x000000007ffeffff]
[    0.000000] ACPI: PM-Timer IO Port: 0x4008
[    0.000000] IOAPIC[0]: apic_id 2, version 32, address 0xfec00000, GSI 0-23
[    0.000000] ACPI: INT_SRC_OVR (bus 0 bus_irq 0 global_irq 2 dfl dfl)
[    0.000000] ACPI: INT_SRC_OVR (bus 0 bus_irq 9 global_irq 9 low level)
[    0.000000] Using ACPI (MADT) for SMP configuration information
[    0.000000] smpboot: Allowing 2 CPUs, 0 hotplug CPUs
[    0.000000] PM: Registered nosave memory: [mem 0x00000000-0x00000fff]
[    0.000000] PM: Registered nosave memory: [mem 0x0009f000-0x0009ffff]
[    0.000000] PM: Registered nosave memory: [mem 0x000a0000-0x000effff]
[    0.000000] PM: Registered nosave memory: [mem 0x000f0000-0x000fffff]
[    0.000000] e820: [mem 0x80000000-0xfebfffff] available for PCI devices
[    0.000000] Booting paravirtualized kernel on KVM
[    0.000000] clocksource: refined-jiffies: mask: 0xffffffff max_cycles: 0xffffffff, max_idle_ns: 7645519600211568 ns
[    0.000000] random: get_random_bytes called from start_kernel+0x99/0x4fd with crng_init=0
[    0.000000] setup_percpu: NR_CPUS:8192 nr_cpumask_bits:2 nr_cpu_ids:2 nr_node_ids:1
[    0.000000] percpu: Embedded 46 pages/cpu @        (ptrval) s151552 r8192 d28672 u1048576
[    0.000000] PV qspinlock hash table entries: 256 (order: 0, 4096 bytes)
[    0.000000] Built 1 zonelists, mobility grouping on.  Total pages: 515961
[    0.000000] Policy zone: DMA32
[    0.000000] Kernel command line: BOOT_IMAGE=/boot/vmlinuz-4.15.0-45-generic root=LABEL=cloudimg-rootfs ro console=tty1 console=ttyS0
[    0.000000] Memory: 2015800K/2096696K available (12300K kernel code, 2473K rwdata, 4252K rodata, 2408K init, 2416K bss, 80896K reserved, 0K cma-reserved)
[    0.000000] SLUB: HWalign=64, Order=0-3, MinObjects=0, CPUs=2, Nodes=1
[    0.000000] Kernel/User page tables isolation: enabled
[    0.000000] ftrace: allocating 39194 entries in 154 pages
[    0.004000] Hierarchical RCU implementation.
[    0.004000] 	RCU restricting CPUs from NR_CPUS=8192 to nr_cpu_ids=2.
[    0.004000] 	Tasks RCU enabled.
[    0.004000] RCU: Adjusting geometry for rcu_fanout_leaf=16, nr_cpu_ids=2
[    0.004000] NR_IRQS: 524544, nr_irqs: 440, preallocated irqs: 16
[    0.004000] Console: colour VGA+ 80x25
[    0.004000] console [tty1] enabled
[    0.004000] console [ttyS0] enabled
[    0.004000] ACPI: Core revision 20170831
[    0.004000] ACPI: 2 ACPI AML tables successfully acquired and loaded
[    0.004000] APIC: Switch to symmetric I/O mode setup
[    0.004000] x2apic enabled
[    0.004000] Switched APIC routing to physical x2apic.
[    0.004000] ..TIMER: vector=0x30 apic1=0 pin1=2 apic2=-1 pin2=-1
[    0.004003] tsc: Detected 2712.000 MHz processor
[    0.004718] Calibrating delay loop (skipped) preset value.. 5424.00 BogoMIPS (lpj=10848000)
[    0.005321] pid_max: default: 32768 minimum: 301
[    0.006120] Security Framework initialized
[    0.006773] Yama: becoming mindful.
[    0.008019] AppArmor: AppArmor initialized
[    0.009912] Dentry cache hash table entries: 262144 (order: 9, 2097152 bytes)
[    0.013120] Inode-cache hash table entries: 131072 (order: 8, 1048576 bytes)
[    0.014199] Mount-cache hash table entries: 4096 (order: 3, 32768 bytes)
[    0.015309] Mountpoint-cache hash table entries: 4096 (order: 3, 32768 bytes)
[    0.016224] mce: CPU supports 0 MCE banks
[    0.016833] Last level iTLB entries: 4KB 64, 2MB 8, 4MB 8
[    0.017603] Last level dTLB entries: 4KB 64, 2MB 0, 4MB 0, 1GB 4
[    0.018439] Spectre V2 : Mitigation: Full generic retpoline
[    0.019228] Spectre V2 : Spectre v2 / SpectreRSB mitigation: Filling RSB on context switch
[    0.020002] Speculative Store Bypass: Vulnerable
[    0.020733] Freeing SMP alternatives memory: 36K
[    0.024000] APIC calibration not consistent with PM-Timer: 98ms instead of 100ms
[    0.024000] APIC delta adjusted to PM-Timer: 6249399 (6185885)
[    0.024000] smpboot: CPU0: Intel(R) Core(TM) i5-7200U CPU @ 2.50GHz (family: 0x6, model: 0x8e, stepping: 0x9)
[    0.024000] Performance Events: unsupported p6 CPU model 142 no PMU driver, software events only.
[    0.024000] Hierarchical SRCU implementation.
[    0.024000] NMI watchdog: Perf event create on CPU 0 failed with -2
[    0.024002] NMI watchdog: Perf NMI watchdog permanently disabled
[    0.024943] smp: Bringing up secondary CPUs ...
[    0.025759] x86: Booting SMP configuration:
[    0.026463] .... node  #0, CPUs:      #1
[    0.004000] kvm-clock: cpu 1, msr 0:7ff44041, secondary cpu clock
[    0.004000] mce: CPU supports 0 MCE banks
[    0.031515] smp: Brought up 1 node, 2 CPUs
[    0.032009] smpboot: Max logical packages: 1
[    0.032723] smpboot: Total of 2 processors activated (10848.00 BogoMIPS)
[    0.033836] devtmpfs: initialized
[    0.033836] x86/mm: Memory block size: 128MB
[    0.036246] evm: security.selinux
[    0.037013] evm: security.SMACK64
[    0.037644] evm: security.SMACK64EXEC
[    0.038244] evm: security.SMACK64TRANSMUTE
[    0.038911] evm: security.SMACK64MMAP
[    0.039514] evm: security.apparmor
[    0.040000] evm: security.ima
[    0.040007] evm: security.capability
[    0.040642] clocksource: jiffies: mask: 0xffffffff max_cycles: 0xffffffff, max_idle_ns: 7645041785100000 ns
[    0.041510] futex hash table entries: 512 (order: 3, 32768 bytes)
[    0.042542] pinctrl core: initialized pinctrl subsystem
[    0.044095] RTC time:  8:37:26, date: 02/25/19
[    0.044950] NET: Registered protocol family 16
[    0.045747] audit: initializing netlink subsys (disabled)
[    0.046618] audit: type=2000 audit(1551083851.043:1): state=initialized audit_enabled=0 res=1
[    0.048015] cpuidle: using governor ladder
[    0.048680] cpuidle: using governor menu
[    0.049397] ACPI: bus type PCI registered
[    0.050397] acpiphp: ACPI Hot Plug PCI Controller Driver version: 0.5
[    0.052092] PCI: Using configuration type 1 for base access
[    0.056078] HugeTLB registered 2.00 MiB page size, pre-allocated 0 pages
[    0.057118] ACPI: Added _OSI(Module Device)
[    0.057118] ACPI: Added _OSI(Processor Device)
[    0.057571] ACPI: Added _OSI(3.0 _SCP Extensions)
[    0.058349] ACPI: Added _OSI(Processor Aggregator Device)
[    0.060009] ACPI: Added _OSI(Linux-Dell-Video)
[    0.060747] ACPI: Added _OSI(Linux-Lenovo-NV-HDMI-Audio)
[    0.061560] ACPI: Added _OSI(Linux-HPI-Hybrid-Graphics)
[    0.062616] ACPI: Executed 1 blocks of module-level executable AML code
[    0.067126] ACPI: Interpreter enabled
[    0.068013] ACPI: (supports S0 S5)
[    0.068599] ACPI: Using IOAPIC for interrupt routing
[    0.069616] PCI: Using host bridge windows from ACPI; if necessary, use "pci=nocrs" and report a bug
[    0.071156] ACPI: Enabled 2 GPEs in block 00 to 07
[    0.077500] ACPI: PCI Root Bridge [PCI0] (domain 0000 [bus 00-ff])
[    0.078493] acpi PNP0A03:00: _OSC: OS supports [ASPM ClockPM Segments MSI]
[    0.080445] acpi PNP0A03:00: _OSC: not requesting OS control; OS requires [ExtendedConfig ASPM ClockPM MSI]
[    0.081941] acpi PNP0A03:00: fail to add MMCONFIG information, can't access extended PCI configuration space under this bridge.
[    0.084299] PCI host bridge to bus 0000:00
[    0.084985] pci_bus 0000:00: root bus resource [io  0x0000-0x0cf7 window]
[    0.086017] pci_bus 0000:00: root bus resource [io  0x0d00-0xffff window]
[    0.087075] pci_bus 0000:00: root bus resource [mem 0x000a0000-0x000bffff window]
[    0.088003] pci_bus 0000:00: root bus resource [mem 0x80000000-0xfdffffff window]
[    0.089182] pci_bus 0000:00: root bus resource [bus 00-ff]
[    0.092127] pci 0000:00:01.1: legacy IDE quirk: reg 0x10: [io  0x01f0-0x01f7]
[    0.093875] pci 0000:00:01.1: legacy IDE quirk: reg 0x14: [io  0x03f6]
[    0.094921] pci 0000:00:01.1: legacy IDE quirk: reg 0x18: [io  0x0170-0x0177]
[    0.096000] pci 0000:00:01.1: legacy IDE quirk: reg 0x1c: [io  0x0376]
[    0.121104] pci 0000:00:07.0: quirk: [io  0x4000-0x403f] claimed by PIIX4 ACPI
[    0.122272] pci 0000:00:07.0: quirk: [io  0x4100-0x410f] claimed by PIIX4 SMB
[    0.138445] ACPI: PCI Interrupt Link [LNKA] (IRQs 5 9 10 *11)
[    0.140047] ACPI: PCI Interrupt Link [LNKB] (IRQs 5 9 *10 11)
[    0.141152] ACPI: PCI Interrupt Link [LNKC] (IRQs 5 *9 10 11)
[    0.142179] ACPI: PCI Interrupt Link [LNKD] (IRQs 5 9 10 *11)
[    0.143405] SCSI subsystem initialized
[    0.144041] pci 0000:00:02.0: vgaarb: setting as boot VGA device
[    0.144957] pci 0000:00:02.0: vgaarb: VGA device added: decodes=io+mem,owns=io+mem,locks=none
[    0.146250] pci 0000:00:02.0: vgaarb: bridge control possible
[    0.147137] vgaarb: loaded
[    0.148028] ACPI: bus type USB registered
[    0.148676] usbcore: registered new interface driver usbfs
[    0.149529] usbcore: registered new interface driver hub
[    0.150376] usbcore: registered new device driver usb
[    0.151245] EDAC MC: Ver: 3.0.0
[    0.152111] PCI: Using ACPI for IRQ routing
[    0.152922] NetLabel: Initializing
[    0.153508] NetLabel:  domain hash size = 128
[    0.154202] NetLabel:  protocols = UNLABELED CIPSOv4 CALIPSO
[    0.155076] NetLabel:  unlabeled traffic allowed by default
[    0.156066] clocksource: Switched to clocksource kvm-clock
[    0.168909] VFS: Disk quotas dquot_6.6.0
[    0.169657] VFS: Dquot-cache hash table entries: 512 (order 0, 4096 bytes)
[    0.170782] AppArmor: AppArmor Filesystem Enabled
[    0.171619] pnp: PnP ACPI init
[    0.173173] pnp: PnP ACPI: found 3 devices
[    0.182862] clocksource: acpi_pm: mask: 0xffffff max_cycles: 0xffffff, max_idle_ns: 2085701024 ns
[    0.184297] NET: Registered protocol family 2
[    0.185184] TCP established hash table entries: 16384 (order: 5, 131072 bytes)
[    0.186419] TCP bind hash table entries: 16384 (order: 6, 262144 bytes)
[    0.188562] TCP: Hash tables configured (established 16384 bind 16384)
[    0.189618] UDP hash table entries: 1024 (order: 3, 32768 bytes)
[    0.190537] UDP-Lite hash table entries: 1024 (order: 3, 32768 bytes)
[    0.191583] NET: Registered protocol family 1
[    0.192324] pci 0000:00:00.0: Limiting direct PCI/PCI transfers
[    0.193266] pci 0000:00:01.0: Activating ISA DMA hang workarounds
[    0.194249] pci 0000:00:02.0: Video device with shadowed ROM at [mem 0x000c0000-0x000dffff]
[    0.195646] Unpacking initramfs...
[    0.472121] Freeing initrd memory: 18976K
[    0.473031] platform rtc_cmos: registered platform RTC device (no PNP device found)
[    0.474297] Scanning for low memory corruption every 60 seconds
[    0.475854] Initialise system trusted keyrings
[    0.476664] Key type blacklist registered
[    0.477441] workingset: timestamp_bits=36 max_order=19 bucket_order=0
[    0.479347] zbud: loaded
[    0.480276] squashfs: version 4.0 (2009/01/31) Phillip Lougher
[    0.481447] fuse init (API version 7.26)
[    0.492232] Key type asymmetric registered
[    0.493041] Asymmetric key parser 'x509' registered
[    0.494029] Block layer SCSI generic (bsg) driver version 0.4 loaded (major 246)
[    0.495600] io scheduler noop registered
[    0.496542] io scheduler deadline registered
[    0.497431] io scheduler cfq registered (default)
[    0.498749] ACPI: AC Adapter [AC] (on-line)
[    0.499418] input: Power Button as /devices/LNXSYSTM:00/LNXPWRBN:00/input/input0
[    0.501197] ACPI: Power Button [PWRF]
[    0.501975] input: Sleep Button as /devices/LNXSYSTM:00/LNXSLPBN:00/input/input1
[    0.503056] ACPI: Sleep Button [SLPF]
[    0.504631] ACPI: Battery Slot [BAT0] (battery present)
[    0.505624] Serial: 8250/16550 driver, 32 ports, IRQ sharing enabled
 	
 !"#$%&'()*+,-./0123456789:;<=>?@ABCDEFGHIJKLMNOPQRSTUVWXYZ[\]^_`abcdefghijklmnopqrstuvwxyz{|}~€‚ƒ„…†‡ˆ‰Š‹ŒŽ‘’“”•–—˜™š›œžŸ ¡¢£¤¥¦§¨©ª«¬­®¯°±²³´µ¶·¸¹º»¼½¾¿ÀÁÂÃÄÅÆÇÈÉÊËÌÍÎÏÐÑÒÓÔÕÖ×ØÙÚÛÜÝÞßàáâãäåæçèéêëìíîïðñòóôõö÷øùúûüýþÿ[    0.528747] 00:02: ttyS0 at I/O 0x3f8 (irq = 4, base_baud = 115200) is a 16550A
[    0.533811] Linux agpgart interface v0.103
[    0.536397] loop: module loaded
[    0.537569] scsi host0: ata_piix
[    0.538369] scsi host1: ata_piix
[    0.538963] ata1: PATA max UDMA/33 cmd 0x1f0 ctl 0x3f6 bmdma 0xd000 irq 14
[    0.540076] ata2: PATA max UDMA/33 cmd 0x170 ctl 0x376 bmdma 0xd008 irq 15
[    0.541780] libphy: Fixed MDIO Bus: probed
[    0.542436] tun: Universal TUN/TAP device driver, 1.6
[    0.543342] PPP generic driver version 2.4.2
[    0.544361] ehci_hcd: USB 2.0 'Enhanced' Host Controller (EHCI) Driver
[    0.545760] ehci-pci: EHCI PCI platform driver
[    0.546783] ehci-platform: EHCI generic platform driver
[    0.547634] ohci_hcd: USB 1.1 'Open' Host Controller (OHCI) Driver
[    0.548585] ohci-pci: OHCI PCI platform driver
[    0.549233] ohci-platform: OHCI generic platform driver
[    0.550188] uhci_hcd: USB Universal Host Controller Interface driver
[    0.551428] i8042: PNP: PS/2 Controller [PNP0303:PS2K,PNP0f03:PS2M] at 0x60,0x64 irq 1,12
[    0.553443] serio: i8042 KBD port at 0x60,0x64 irq 1
[    0.554432] serio: i8042 AUX port at 0x60,0x64 irq 12
[    0.555606] mousedev: PS/2 mouse device common for all mice
[    0.557450] input: AT Translated Set 2 keyboard as /devices/platform/i8042/serio0/input/input2
[    0.558880] rtc_cmos rtc_cmos: rtc core: registered rtc_cmos as rtc0
[    0.560156] rtc_cmos rtc_cmos: alarms up to one day, 114 bytes nvram
[    0.561270] i2c /dev entries driver
[    0.561965] pcie_mp2_amd: AMD(R) PCI-E MP2 Communication Driver Version: 1.0
[    0.563122] device-mapper: uevent: version 1.0.3
[    0.563962] device-mapper: ioctl: 4.37.0-ioctl (2017-09-20) initialised: dm-devel@redhat.com
[    0.565541] ledtrig-cpu: registered to indicate activity on CPUs
[    0.566997] NET: Registered protocol family 10
[    0.571668] Segment Routing with IPv6
[    0.572529] NET: Registered protocol family 17
[    0.573453] Key type dns_resolver registered
[    0.574528] RAS: Correctable Errors collector initialized.
[    0.575576] sched_clock: Marking stable (574497172, 0)->(828637923, -254140751)
[    0.577539] registered taskstats version 1
[    0.578278] Loading compiled-in X.509 certificates
[    0.581498] Loaded X.509 cert 'Build time autogenerated kernel key: e3b8f44ffaaceef3e3a84cfaebd8e5a9acebeaad'
[    0.583134] zswap: loaded using pool lzo/zbud
[    0.587316] Key type big_key registered
[    0.587981] Key type trusted registered
[    0.590568] Key type encrypted registered
[    0.591343] AppArmor: AppArmor sha1 policy hashing enabled
[    0.592425] ima: No TPM chip found, activating TPM-bypass! (rc=-19)
[    0.593558] ima: Allocated hash algorithm: sha1
[    0.594237] evm: HMAC attrs: 0x1
[    0.594963]   Magic number: 7:282:625
[    0.595636] rtc_cmos rtc_cmos: setting system clock to 2019-02-25 08:37:26 UTC (1551083846)
[    0.596996] BIOS EDD facility v0.16 2004-Jun-25, 0 devices found
[    0.597861] EDD information not available.
[    0.966522] Freeing unused kernel memory: 2408K
[    0.988071] Write protecting the kernel read-only data: 20480k
[    0.992643] Freeing unused kernel memory: 2008K
[    1.003560] Freeing unused kernel memory: 1892K
[    1.017457] x86/mm: Checked W+X mappings: passed, no W+X pages found.
[    1.018514] x86/mm: Checking user space page tables
[    1.024271] x86/mm: Checked W+X mappings: passed, no W+X pages found.
Loading, please wait...
starting version 237
[    1.080040] e1000: Intel(R) PRO/1000 Network Driver - version 7.3.21-k8-NAPI
[    1.081665] e1000: Copyright (c) 1999-2006 Intel Corporation.
[    1.085052] Fusion MPT base driver 3.04.20
[    1.085822] Copyright (c) 1999-2008 LSI Corporation
[    1.094968] Fusion MPT SPI Host driver 3.04.20
[    1.106007] AVX2 version of gcm_enc/dec engaged.
[    1.106872] AES CTR mode by8 optimization enabled
[    1.299126] input: ImExPS/2 Generic Explorer Mouse as /devices/platform/i8042/serio1/input/input4
[    1.476019] e1000 0000:00:03.0 eth0: (PCI:33MHz:32-bit) 02:fb:a2:fd:67:90
[    1.477069] e1000 0000:00:03.0 eth0: Intel(R) PRO/1000 Network Connection
[    1.478916] mptbase: ioc0: Initiating bringup
[    1.500519] tsc: Refined TSC clocksource calibration: 2713.912 MHz
[    1.501584] clocksource: tsc: mask: 0xffffffffffffffff max_cycles: 0x271e9477208, max_idle_ns: 440795261311 ns
[    1.954734] ioc0: LSI53C1030 A0: Capabilities={Initiator}
[    3.858065] scsi host2: ioc0: LSI53C1030 A0, FwRev=00000000h, Ports=1, MaxQ=256, IRQ=20
[    4.980796] scsi 2:0:0:0: Direct-Access     VBOX     HARDDISK         1.0  PQ: 0 ANSI: 5
[    5.012514] scsi target2:0:0: Beginning Domain Validation
[    5.014449] scsi target2:0:0: Domain Validation skipping write tests
[    5.015540] scsi target2:0:0: Ending Domain Validation
[    5.016506] scsi target2:0:0: asynchronous
[    5.020543] scsi 2:0:1:0: Direct-Access     VBOX     HARDDISK         1.0  PQ: 0 ANSI: 5
[    5.308842] scsi target2:0:1: Beginning Domain Validation
[    5.311729] random: fast init done
[    5.312464] scsi target2:0:1: Domain Validation skipping write tests
[    5.313426] scsi target2:0:1: Ending Domain Validation
[    5.314273] scsi target2:0:1: asynchronous
[    5.318879] random: systemd-udevd: uninitialized urandom read (16 bytes read)
[    5.319905] random: systemd-udevd: uninitialized urandom read (16 bytes read)
[    5.320932] random: systemd-udevd: uninitialized urandom read (16 bytes read)
[    5.322301] sd 2:0:0:0: [sda] 20971520 512-byte logical blocks: (10.7 GB/10.0 GiB)
[    5.323483] sd 2:0:0:0: [sda] Write Protect is off
[    5.324274] sd 2:0:0:0: Attached scsi generic sg0 type 0
[    5.325063] sd 2:0:0:0: [sda] Incomplete mode parameter data
[    5.325856] sd 2:0:0:0: [sda] Assuming drive cache: write through
[    5.327740] sd 2:0:1:0: Attached scsi generic sg1 type 0
[    5.328905] sd 2:0:1:0: [sdb] 20480 512-byte logical blocks: (10.5 MB/10.0 MiB)
[    5.330859] sd 2:0:1:0: [sdb] Write Protect is off
[    5.331788] sd 2:0:1:0: [sdb] Incomplete mode parameter data
[    5.332737] sd 2:0:1:0: [sdb] Assuming drive cache: write through
[    5.338360]  sda: sda1
[    5.339709] sd 2:0:0:0: [sda] Attached SCSI disk
[    5.348111] e1000 0000:00:08.0 eth1: (PCI:33MHz:32-bit) 08:00:27:bd:b1:e2
[    5.349167] e1000 0000:00:08.0 eth1: Intel(R) PRO/1000 Network Connection
[    5.351156] e1000 0000:00:08.0 enp0s8: renamed from eth1
[    5.356971] sd 2:0:1:0: [sdb] Attached SCSI disk
[    5.360792] e1000 0000:00:03.0 enp0s3: renamed from eth0
Begin: Loading essential drivers ... [    6.888728] raid6: sse2x1   gen() 10155 MB/s
[    6.936579] raid6: sse2x1   xor()  7633 MB/s
[    6.984411] raid6: sse2x2   gen() 11585 MB/s
[    7.033206] raid6: sse2x2   xor()  8675 MB/s
[    7.081030] raid6: sse2x4   gen() 15017 MB/s
[    7.128746] raid6: sse2x4   xor()  8072 MB/s
[    7.176687] raid6: avx2x1   gen() 15843 MB/s
[    7.224515] raid6: avx2x1   xor() 11145 MB/s
[    7.272329] raid6: avx2x2   gen() 16673 MB/s
[    7.320145] raid6: avx2x2   xor() 11926 MB/s
[    7.368020] raid6: avx2x4   gen() 25800 MB/s
[    7.416773] raid6: avx2x4   xor() 17943 MB/s
[    7.417507] raid6: using algorithm avx2x4 gen() 25800 MB/s
[    7.418354] raid6: .... xor() 17943 MB/s, rmw enabled
[    7.419177] raid6: using avx2x2 recovery algorithm
[    7.421433] xor: automatically using best checksumming function   avx       
[    7.423774] async_tx: api initialized (async)
done.
Begin: Running /scripts/init-premount ... done.
Begin: Mounting root file system ... Begin: Running /scripts/local-top ... done.
Begin: Running /scripts/local-premount ... [    7.465578] Btrfs loaded, crc32c=crc32c-intel
Scanning for Btrfs filesystems
done.
Warning: fsck not present, so skipping root file system
[    7.697104] EXT4-fs (sda1): mounted filesystem with ordered data mode. Opts: (null)
done.
Begin: Running /scripts/local-bottom ... done.
Begin: Running /scripts/init-bottom ... done.
[    9.575376] random: crng init done
[    9.576519] random: 7 urandom warning(s) missed due to ratelimiting
[   10.294839] ip_tables: (C) 2000-2006 Netfilter Core Team
[   10.509115] systemd[1]: systemd 237 running in system mode. (+PAM +AUDIT +SELINUX +IMA +APPARMOR +SMACK +SYSVINIT +UTMP +LIBCRYPTSETUP +GCRYPT +GNUTLS +ACL +XZ +LZ4 +SECCOMP +BLKID +ELFUTILS +KMOD -IDN2 +IDN -PCRE2 default-hierarchy=hybrid)
[   10.517957] systemd[1]: Detected virtualization oracle.
[   10.536197] systemd[1]: Detected architecture x86-64.

Welcome to [1mUbuntu 18.04.2 LTS[0m!

[   10.625027] systemd[1]: Set hostname to <ubuntu-bionic>.
[   12.395849] systemd[1]: Reached target Swap.
[[0;32m  OK  [0m] Reached target Swap.
[   12.409602] systemd[1]: Created slice User and Session Slice.
[[0;32m  OK  [0m] Created slice User and Session Slice.
[   12.411077] systemd[1]: Started Forward Password Requests to Wall Directory Watch.
[[0;32m  OK  [0m] Started Forward Password Requests to Wall Directory Watch.
[   12.413493] systemd[1]: Set up automount Arbitrary Executable File Formats File System Automount Point.
[[0;32m  OK  [0m] Set up automount Arbitrary Executabâ€¦rmats File System Automount Point.
[   12.425284] systemd[1]: Created slice System Slice.
[[0;32m  OK  [0m] Created slice System Slice.
[   12.426745] systemd[1]: Listening on udev Control Socket.
[[0;32m  OK  [0m] Listening on udev Control Socket.
[[0;32m  OK  [0m] Listening on Journal Socket (/dev/log).
[[0;32m  OK  [0m] Listening on /dev/initctl Compatibility Named Pipe.
[[0;32m  OK  [0m] Listening on udev Kernel Socket.
[[0;32m  OK  [0m] Listening on LVM2 metadata daemon socket.
[[0;32m  OK  [0m] Listening on Journal Audit Socket.
[[0;32m  OK  [0m] Listening on Device-mapper event daemon FIFOs.
[[0;32m  OK  [0m] Listening on Network Service Netlink Socket.
[[0;32m  OK  [0m] Reached target Slices.
[[0;32m  OK  [0m] Listening on Journal Socket.
         Mounting Huge Pages File System...
         Starting udev Coldplug all Devices...
         Starting Create list of required stâ€¦ce nodes for the current kernel...
         Mounting Kernel Debug File System...
         Mounting POSIX Message Queue File System...
         Starting Set the console keyboard layout...
         Starting Load Kernel Modules...
         Starting Monitoring of LVM2 mirrorsâ€¦ng dmeventd or progress polling...
         Starting Remount Root and Kernel File Systems...
[[0;32m  OK  [0m] Created slice system-serial\x2dgetty.slice.
[[0;32m  OK  [0m] Listening on LVM2 poll daemon socket.
[[0;32m  OK  [0m] Reached target System Time Synchronized.
[[0;32m  OK  [0m] Listening on Syslog Socket.
         Starting Journal Service...
         Starting Uncomplicated firewall...
[[0;32m  OK  [0m] Reached target User and Group Name Lookups.
[[0;32m  OK  [0m] Started Create list of required staâ€¦vice nodes for the current kernel.
         Starting Create Static Device Nodes in /dev...
[[0;32m  OK  [0m] Started udev Coldplug all Devices.
[[0;32m  OK  [0m] Started Journal Service.
[   13.006071] Loading iSCSI transport class v2.0-870.
[[0;32m  OK  [0m] Started Uncomplicated firewall.
[   13.286084] iscsi: registered transport (tcp)
[[0;32m  OK  [0m] Started Create Static Device Nodes in /dev.
[   13.453841] iscsi: registered transport (iser)
[[0;32m  OK  [0m] Started Load Kernel Modules.
         Mounting FUSE Control File System...
         Mounting Kernel Configuration File System...
         Starting Apply Kernel Variables...
[[0;32m  OK  [0m] Started Apply Kernel Variables.
[[0;32m  OK  [0m] Mounted Kernel Debug File System.
[[0;32m  OK  [0m] Mounted Huge Pages File System.
[[0;32m  OK  [0m] Mounted POSIX Message Queue File System.
[[0;32m  OK  [0m] Mounted FUSE Control File System.
[[0;32m  OK  [0m] Mounted Kernel Configuration File System.
[[0;32m  OK  [0m] Started Remount Root and Kernel File Systems.
         Starting Flush Journal to Persistent Storage...
         Starting udev Kernel Device Manager...
         Starting Initial cloud-init job (pre-networking)...
         Starting Load/Save Random Seed...
[[0;32m  OK  [0m] Started LVM2 metadata daemon.
[[0;32m  OK  [0m] Started Load/Save Random Seed.
[[0;32m  OK  [0m] Started Monitoring of LVM2 mirrors,â€¦sing dmeventd or progress polling.
[[0;32m  OK  [0m] Started udev Kernel Device Manager.
[[0;32m  OK  [0m] Found device /dev/ttyS0.
[[0;32m  OK  [0m] Listening on Load/Save RF Kill Switch Status /dev/rfkill Watch.
[[0;32m  OK  [0m] Started Flush Journal to Persistent Storage.
[[0;32m  OK  [0m] Started Set the console keyboard layout.
[[0;32m  OK  [0m] Started Dispatch Password Requests to Console Directory Watch.
[[0;32m  OK  [0m] Reached target Local Encrypted Volumes.
[[0;32m  OK  [0m] Reached target Local File Systems (Pre).
[[0;32m  OK  [0m] Reached target Local File Systems.
         Starting ebtables ruleset management...
         Starting Create Volatile Files and Directories...
         Starting Set console font and keymap...
         Starting AppArmor initialization...
         Starting Tell Plymouth To Write Out Runtime Data...
[[0;32m  OK  [0m] Started Set console font and keymap.
[[0;32m  OK  [0m] Started Tell Plymouth To Write Out Runtime Data.
[[0;32m  OK  [0m] Started Create Volatile Files and Directories.
         Starting Update UTMP about System Boot/Shutdown...
[[0;32m  OK  [0m] Started Update UTMP about System Boot/Shutdown.
[[0;32m  OK  [0m] Started ebtables ruleset management.
[[0;32m  OK  [0m] Started AppArmor initialization.
[   24.061374] cloud-init[409]: Cloud-init v. 18.4-0ubuntu1~18.04.1 running 'init-local' at Mon, 25 Feb 2019 08:37:49 +0000. Up 23.58 seconds.
[[0;32m  OK  [0m] Started Initial cloud-init job (pre-networking).
[[0;32m  OK  [0m] Reached target Network (Pre).
         Starting Network Service...
[[0;32m  OK  [0m] Started Network Service.
         Starting Network Name Resolution...
         Starting Wait for Network to be Configured...
[[0;32m  OK  [0m] Started Network Name Resolution.
[[0;32m  OK  [0m] Reached target Host and Network Name Lookups.
[[0;32m  OK  [0m] Reached target Network.
[[0;32m  OK  [0m] Started Wait for Network to be Configured.
         Starting Initial cloud-init job (metadata service crawler)...
[   26.683064] cloud-init[811]: Cloud-init v. 18.4-0ubuntu1~18.04.1 running 'init' at Mon, 25 Feb 2019 08:37:52 +0000. Up 26.50 seconds.
[   26.684540] cloud-init[811]: ci-info: ++++++++++++++++++++++++++++++++++++++Net device info+++++++++++++++++++++++++++++++++++++++
[   26.696244] cloud-init[811]: ci-info: +--------+------+-----------------------------+---------------+--------+-------------------+
[   26.697538] cloud-init[811]: ci-info: | Device |  Up  |           Address           |      Mask     | Scope  |     Hw-Address    |
[   26.708248] cloud-init[811]: ci-info: +--------+------+-----------------------------+---------------+--------+-------------------+
[   26.709442] cloud-init[811]: ci-info: | enp0s3 | True |          10.0.2.15          | 255.255.255.0 | global | 02:fb:a2:fd:67:90 |
[   26.710641] cloud-init[811]: ci-info: | enp0s3 | True |  fe80::fb:a2ff:fefd:6790/64 |       .       |  link  | 02:fb:a2:fd:67:90 |
[   26.712656] cloud-init[811]: ci-info: | enp0s8 | True |         192.168.2.10        | 255.255.255.0 | global | 08:00:27:bd:b1:e2 |
[   26.713926] cloud-init[811]: ci-info: | enp0s8 | True | fe80::a00:27ff:febd:b1e2/64 |       .       |  link  | 08:00:27:bd:b1:e2 |
[   26.716625] cloud-init[811]: ci-info: |   lo   | True |          127.0.0.1          |   255.0.0.0   |  host  |         .         |
[   26.717967] cloud-init[811]: ci-info: |   lo   | True |           ::1/128           |       .       |  host  |         .         |
[   26.719208] cloud-init[811]: ci-info: +--------+------+-----------------------------+---------------+--------+-------------------+
[   26.720430] cloud-init[811]: ci-info: ++++++++++++++++++++++++++++Route IPv4 info+++++++++++++++++++++++++++++
[   26.721396] cloud-init[811]: ci-info: +-------+-------------+----------+-----------------+-----------+-------+
[   26.722427] cloud-init[811]: ci-info: | Route | Destination | Gateway  |     Genmask     | Interface | Flags |
[   26.723395] cloud-init[811]: ci-info: +-------+-------------+----------+-----------------+-----------+-------+
[   26.724402] cloud-init[811]: ci-info: |   0   |   0.0.0.0   | 10.0.2.2 |     0.0.0.0     |   enp0s3  |   UG  |
[   26.725327] cloud-init[811]: ci-info: |   1   |   10.0.2.0  | 0.0.0.0  |  255.255.255.0  |   enp0s3  |   U   |
[   26.726308] cloud-init[811]: ci-info: |   2   |   10.0.2.2  | 0.0.0.0  | 255.255.255.255 |   enp0s3  |   UH  |
[   26.727409] cloud-init[811]: ci-info: |   3   | 192.168.2.0 | 0.0.0.0  |  255.255.255.0  |   enp0s8  |   U   |
[   26.728408] cloud-init[811]: ci-info: +-------+-------------+----------+-----------------+-----------+-------+
[   26.729432] cloud-init[811]: ci-info: +++++++++++++++++++Route IPv6 info+++++++++++++++++++
[   26.730237] cloud-init[811]: ci-info: +-------+-------------+---------+-----------+-------+
[   26.731093] cloud-init[811]: ci-info: | Route | Destination | Gateway | Interface | Flags |
[   26.731919] cloud-init[811]: ci-info: +-------+-------------+---------+-----------+-------+
[   26.732693] cloud-init[811]: ci-info: |   1   |  fe80::/64  |    ::   |   enp0s8  |   U   |
[   26.733456] cloud-init[811]: ci-info: |   2   |  fe80::/64  |    ::   |   enp0s3  |   U   |
[   26.734202] cloud-init[811]: ci-info: |   4   |    local    |    ::   |   enp0s3  |   U   |
[   26.735055] cloud-init[811]: ci-info: |   5   |    local    |    ::   |   enp0s8  |   U   |
[   26.735811] cloud-init[811]: ci-info: |   6   |   ff00::/8  |    ::   |   enp0s8  |   U   |
[   26.736648] cloud-init[811]: ci-info: |   7   |   ff00::/8  |    ::   |   enp0s3  |   U   |
[   26.737427] cloud-init[811]: ci-info: +-------+-------------+---------+-----------+-------+
[[0;32m  OK  [0m] Started Initial cloud-init job (metadata service crawler).
[[0;32m  OK  [0m] Reached target Network is Online.
         Starting Availability of block devices...
[[0;32m  OK  [0m] Reached target Remote File Systems (Pre).
[[0;32m  OK  [0m] Reached target Remote File Systems.
[[0;32m  OK  [0m] Reached target System Initialization.
[[0;32m  OK  [0m] Listening on UUID daemon activation socket.
         Starting Socket activation for snappy daemon.
[[0;32m  OK  [0m] Started Discard unused blocks once a week.
[[0;32m  OK  [0m] Started ACPI Events Check.
[[0;32m  OK  [0m] Listening on D-Bus System Message Bus Socket.
[[0;32m  OK  [0m] Started Clean PHP session files every 30 mins.
[[0;32m  OK  [0m] Started Daily apt download activities.
[[0;32m  OK  [0m] Reached target Paths.
[[0;32m  OK  [0m] Started Message of the Day.
         Starting LXD - unix socket.
[[0;32m  OK  [0m] Listening on Open-iSCSI iscsid Socket.
[[0;32m  OK  [0m] Started Daily apt upgrade and clean activities.
[[0;32m  OK  [0m] Started Daily Cleanup of Temporary Directories.
[[0;32m  OK  [0m] Reached target Timers.
[[0;32m  OK  [0m] Listening on ACPID Listen Socket.
[[0;32m  OK  [0m] Reached target Cloud-config availability.
[[0;32m  OK  [0m] Started Availability of block devices.
[[0;32m  OK  [0m] Listening on Socket activation for snappy daemon.
[[0;32m  OK  [0m] Listening on LXD - unix socket.
[[0;32m  OK  [0m] Reached target Sockets.
[[0;32m  OK  [0m] Reached target Basic System.
[[0;32m  OK  [0m] Started Regular background program processing daemon.
         Starting LSB: Record successful boot for GRUB...
         Starting LSB: automatic crash report generation...
         Starting MySQL Community Server...
         Starting Accounts Service...
[[0;32m  OK  [0m] Started Deferred execution scheduler.
         Starting The PHP 7.2 FastCGI Process Manager...
[[0;32m  OK  [0m] Started FUSE filesystem for LXC.
         Starting System Logging Service...
         Starting Dispatcher daemon for systemd-networkd...
         Starting Virtualbox guest utils...
[[0;32m  OK  [0m] Started irqbalance daemon.
         Starting OpenBSD Secure Shell server...
         Starting Login Service...
         Starting Snappy daemon...
         Starting Clean php session files...
         Starting A high performance web server and a reverse proxy server...
         Starting Daily apt upgrade and clean activities...
[[0;32m  OK  [0m] Started D-Bus System Message Bus.
[[0;32m  OK  [0m] Started Login Service.
[[0;32m  OK  [0m] Started Unattended Upgrades Shutdown.
         Starting LXD - container startup/shutdown...
         Starting Permit User Sessions...
[[0;32m  OK  [0m] Started System Logging Service.
[[0;32m  OK  [0m] Started Permit User Sessions.
         Starting Hold until boot process finishes up...
         Starting Terminate Plymouth Boot Screen...
[[0;32m  OK  [0m] Started Hold until boot process finishes up.
         Starting Set console scheme...
[[0;32m  OK  [0m] Started Serial Getty on ttyS0.
[[0;32m  OK  [0m] Started Terminate Plymouth Boot Screen.
[[0;32m  OK  [0m] Started Set console scheme.
[[0;32m  OK  [0m] Created slice system-getty.slice.
[[0;32m  OK  [0m] Started Getty on tty1.
[[0;32m  OK  [0m] Reached target Login Prompts.
[[0;32m  OK  [0m] Started LSB: automatic crash report generation.
[[0;32m  OK  [0m] Started LSB: Record successful boot for GRUB.
         Starting Authorization Manager...
[[0;32m  OK  [0m] Started Authorization Manager.
[[0;32m  OK  [0m] Started Accounts Service.
[[0;32m  OK  [0m] Started Virtualbox guest utils.
[[0;32m  OK  [0m] Started OpenBSD Secure Shell server.
[[0;32m  OK  [0m] Started Dispatcher daemon for systemd-networkd.

Ubuntu 18.04.2 LTS ubuntu-bionic ttyS0

ubuntu-bionic login: [   40.734472] cloud-init[1448]: Cloud-init v. 18.4-0ubuntu1~18.04.1 running 'modules:config' at Mon, 25 Feb 2019 08:38:03 +0000. Up 37.90 seconds.
[   49.072001] cloud-init[1950]: Cloud-init v. 18.4-0ubuntu1~18.04.1 running 'modules:final' at Mon, 25 Feb 2019 08:38:14 +0000. Up 48.86 seconds.
[   49.074272] cloud-init[1950]: Cloud-init v. 18.4-0ubuntu1~18.04.1 finished at Mon, 25 Feb 2019 08:38:14 +0000. Datasource DataSourceNoCloud [seed=/dev/sdb][dsmode=net].  Up 49.06 seconds
